real data: 4185 slices from 368 cases
device=cuda train=4185 size=128 kind=cached
[seg] epoch 1/40 loss 0.2356
[seg] epoch 2/40 loss 0.1434
[seg] epoch 3/40 loss 0.1225
[seg] epoch 4/40 loss 0.1050
[seg] epoch 5/40 loss 0.0867
[seg] epoch 6/40 loss 0.0733
[seg] epoch 7/40 loss 0.0639
[seg] epoch 8/40 loss 0.0543
[seg] epoch 9/40 loss 0.0504
[seg] epoch 10/40 loss 0.0576
[seg] epoch 11/40 loss 0.0433
[seg] epoch 12/40 loss 0.0423
[seg] epoch 13/40 loss 0.0382
[seg] epoch 14/40 loss 0.0356
[seg] epoch 15/40 loss 0.0353
[seg] epoch 16/40 loss 0.0408
[seg] epoch 17/40 loss 0.0315
[seg] epoch 18/40 loss 0.0325
[seg] epoch 19/40 loss 0.0296
[seg] epoch 20/40 loss 0.0282
[seg] epoch 21/40 loss 0.0308
[seg] epoch 22/40 loss 0.0263
[seg] epoch 23/40 loss 0.0256
[seg] epoch 24/40 loss 0.0255
[seg] epoch 25/40 loss 0.0260
[seg] epoch 26/40 loss 0.0241
[seg] epoch 27/40 loss 0.0231
[seg] epoch 28/40 loss 0.0228
[seg] epoch 29/40 loss 0.0224
[seg] epoch 30/40 loss 0.0216
[seg] epoch 31/40 loss 0.0211
[seg] epoch 32/40 loss 0.0229
[seg] epoch 33/40 loss 0.0201
[seg] epoch 34/40 loss 0.0201
[seg] epoch 35/40 loss 0.0195
[seg] epoch 36/40 loss 0.0193
[seg] epoch 37/40 loss 0.0191
[seg] epoch 38/40 loss 0.0190
[seg] epoch 39/40 loss 0.0185
[seg] epoch 40/40 loss 0.0201
[sr-distortion] epoch 1/60 loss 0.0554
[sr-distortion] epoch 2/60 loss 0.0426
[sr-distortion] epoch 3/60 loss 0.0408
[sr-distortion] epoch 4/60 loss 0.0397
[sr-distortion] epoch 5/60 loss 0.0390
[sr-distortion] epoch 6/60 loss 0.0386
[sr-distortion] epoch 7/60 loss 0.0381
[sr-distortion] epoch 8/60 loss 0.0378
[sr-distortion] epoch 9/60 loss 0.0375
[sr-distortion] epoch 10/60 loss 0.0371
[sr-distortion] epoch 11/60 loss 0.0367
[sr-distortion] epoch 12/60 loss 0.0365
[sr-distortion] epoch 13/60 loss 0.0362
[sr-distortion] epoch 14/60 loss 0.0359
[sr-distortion] epoch 15/60 loss 0.0357
[sr-distortion] epoch 16/60 loss 0.0353
[sr-distortion] epoch 17/60 loss 0.0351
[sr-distortion] epoch 18/60 loss 0.0349
[sr-distortion] epoch 19/60 loss 0.0347
[sr-distortion] epoch 20/60 loss 0.0346
[sr-distortion] epoch 21/60 loss 0.0344
[sr-distortion] epoch 22/60 loss 0.0342
[sr-distortion] epoch 23/60 loss 0.0340
[sr-distortion] epoch 24/60 loss 0.0339
[sr-distortion] epoch 25/60 loss 0.0337
[sr-distortion] epoch 26/60 loss 0.0336
[sr-distortion] epoch 27/60 loss 0.0335
[sr-distortion] epoch 28/60 loss 0.0334
[sr-distortion] epoch 29/60 loss 0.0334
[sr-distortion] epoch 30/60 loss 0.0333
[sr-distortion] epoch 31/60 loss 0.0331
[sr-distortion] epoch 32/60 loss 0.0331
[sr-distortion] epoch 33/60 loss 0.0330
[sr-distortion] epoch 34/60 loss 0.0330
[sr-distortion] epoch 35/60 loss 0.0329
[sr-distortion] epoch 36/60 loss 0.0328
[sr-distortion] epoch 37/60 loss 0.0327
[sr-distortion] epoch 38/60 loss 0.0327
[sr-distortion] epoch 39/60 loss 0.0326
[sr-distortion] epoch 40/60 loss 0.0325
[sr-distortion] epoch 41/60 loss 0.0325
[sr-distortion] epoch 42/60 loss 0.0324
[sr-distortion] epoch 43/60 loss 0.0324
[sr-distortion] epoch 44/60 loss 0.0323
[sr-distortion] epoch 45/60 loss 0.0323
[sr-distortion] epoch 46/60 loss 0.0323
[sr-distortion] epoch 47/60 loss 0.0322
[sr-distortion] epoch 48/60 loss 0.0322
[sr-distortion] epoch 49/60 loss 0.0322
[sr-distortion] epoch 50/60 loss 0.0321
[sr-distortion] epoch 51/60 loss 0.0321
[sr-distortion] epoch 52/60 loss 0.0321
[sr-distortion] epoch 53/60 loss 0.0320
[sr-distortion] epoch 54/60 loss 0.0320
[sr-distortion] epoch 55/60 loss 0.0320
[sr-distortion] epoch 56/60 loss 0.0319
[sr-distortion] epoch 57/60 loss 0.0319
[sr-distortion] epoch 58/60 loss 0.0319
[sr-distortion] epoch 59/60 loss 0.0318
[sr-distortion] epoch 60/60 loss 0.0318
[sr-tumor-aware] epoch 1/60 loss 0.0494
[sr-tumor-aware] epoch 2/60 loss 0.0395
[sr-tumor-aware] epoch 3/60 loss 0.0376
[sr-tumor-aware] epoch 4/60 loss 0.0365
[sr-tumor-aware] epoch 5/60 loss 0.0363
[sr-tumor-aware] epoch 6/60 loss 0.0357
[sr-tumor-aware] epoch 7/60 loss 0.0354
[sr-tumor-aware] epoch 8/60 loss 0.0352
[sr-tumor-aware] epoch 9/60 loss 0.0350
[sr-tumor-aware] epoch 10/60 loss 0.0348
[sr-tumor-aware] epoch 11/60 loss 0.0345
[sr-tumor-aware] epoch 12/60 loss 0.0344
[sr-tumor-aware] epoch 13/60 loss 0.0341
[sr-tumor-aware] epoch 14/60 loss 0.0339
[sr-tumor-aware] epoch 15/60 loss 0.0336
[sr-tumor-aware] epoch 16/60 loss 0.0333
[sr-tumor-aware] epoch 17/60 loss 0.0331
[sr-tumor-aware] epoch 18/60 loss 0.0327
[sr-tumor-aware] epoch 19/60 loss 0.0323
[sr-tumor-aware] epoch 20/60 loss 0.0320
[sr-tumor-aware] epoch 21/60 loss 0.0317
[sr-tumor-aware] epoch 22/60 loss 0.0314
[sr-tumor-aware] epoch 23/60 loss 0.0312
[sr-tumor-aware] epoch 24/60 loss 0.0310
[sr-tumor-aware] epoch 25/60 loss 0.0307
[sr-tumor-aware] epoch 26/60 loss 0.0305
[sr-tumor-aware] epoch 27/60 loss 0.0304
[sr-tumor-aware] epoch 28/60 loss 0.0302
[sr-tumor-aware] epoch 29/60 loss 0.0300
[sr-tumor-aware] epoch 30/60 loss 0.0298
[sr-tumor-aware] epoch 31/60 loss 0.0297
[sr-tumor-aware] epoch 32/60 loss 0.0296
[sr-tumor-aware] epoch 33/60 loss 0.0295
[sr-tumor-aware] epoch 34/60 loss 0.0293
[sr-tumor-aware] epoch 35/60 loss 0.0292
[sr-tumor-aware] epoch 36/60 loss 0.0291
[sr-tumor-aware] epoch 37/60 loss 0.0290
[sr-tumor-aware] epoch 38/60 loss 0.0289
[sr-tumor-aware] epoch 39/60 loss 0.0288
[sr-tumor-aware] epoch 40/60 loss 0.0287
[sr-tumor-aware] epoch 41/60 loss 0.0287
[sr-tumor-aware] epoch 42/60 loss 0.0285
[sr-tumor-aware] epoch 43/60 loss 0.0284
[sr-tumor-aware] epoch 44/60 loss 0.0283
[sr-tumor-aware] epoch 45/60 loss 0.0283
[sr-tumor-aware] epoch 46/60 loss 0.0283
[sr-tumor-aware] epoch 47/60 loss 0.0282
[sr-tumor-aware] epoch 48/60 loss 0.0280
[sr-tumor-aware] epoch 49/60 loss 0.0280
[sr-tumor-aware] epoch 50/60 loss 0.0280
[sr-tumor-aware] epoch 51/60 loss 0.0279
[sr-tumor-aware] epoch 52/60 loss 0.0278
[sr-tumor-aware] epoch 53/60 loss 0.0279
[sr-tumor-aware] epoch 54/60 loss 0.0277
[sr-tumor-aware] epoch 55/60 loss 0.0277
[sr-tumor-aware] epoch 56/60 loss 0.0276
[sr-tumor-aware] epoch 57/60 loss 0.0275
[sr-tumor-aware] epoch 58/60 loss 0.0275
[sr-tumor-aware] epoch 59/60 loss 0.0275
[sr-tumor-aware] epoch 60/60 loss 0.0274
saved checkpoints/demo_brats.pt

