device=cuda train=1200 size=128
[seg] epoch 1/40 loss 0.2358
[seg] epoch 2/40 loss 0.0573
[seg] epoch 3/40 loss 0.0261
[seg] epoch 4/40 loss 0.0173
[seg] epoch 5/40 loss 0.0135
[seg] epoch 6/40 loss 0.0118
[seg] epoch 7/40 loss 0.0076
[seg] epoch 8/40 loss 0.0075
[seg] epoch 9/40 loss 0.0054
[seg] epoch 10/40 loss 0.0036
[seg] epoch 11/40 loss 0.0048
[seg] epoch 12/40 loss 0.0031
[seg] epoch 13/40 loss 0.0025
[seg] epoch 14/40 loss 0.0062
[seg] epoch 15/40 loss 0.0046
[seg] epoch 16/40 loss 0.0039
[seg] epoch 17/40 loss 0.0045
[seg] epoch 18/40 loss 0.0034
[seg] epoch 19/40 loss 0.0025
[seg] epoch 20/40 loss 0.0017
[seg] epoch 21/40 loss 0.0012
[seg] epoch 22/40 loss 0.0012
[seg] epoch 23/40 loss 0.0028
[seg] epoch 24/40 loss 0.0017
[seg] epoch 25/40 loss 0.0012
[seg] epoch 26/40 loss 0.0011
[seg] epoch 27/40 loss 0.0007
[seg] epoch 28/40 loss 0.0006
[seg] epoch 29/40 loss 0.0007
[seg] epoch 30/40 loss 0.0005
[seg] epoch 31/40 loss 0.0004
[seg] epoch 32/40 loss 0.0006
[seg] epoch 33/40 loss 0.0004
[seg] epoch 34/40 loss 0.0003
[seg] epoch 35/40 loss 0.0017
[seg] epoch 36/40 loss 0.0046
[seg] epoch 37/40 loss 0.0017
[seg] epoch 38/40 loss 0.0008
[seg] epoch 39/40 loss 0.0004
[seg] epoch 40/40 loss 0.0003
[sr-distortion] epoch 1/60 loss 0.0560
[sr-distortion] epoch 2/60 loss 0.0282
[sr-distortion] epoch 3/60 loss 0.0221
[sr-distortion] epoch 4/60 loss 0.0190
[sr-distortion] epoch 5/60 loss 0.0174
[sr-distortion] epoch 6/60 loss 0.0165
[sr-distortion] epoch 7/60 loss 0.0163
[sr-distortion] epoch 8/60 loss 0.0166
[sr-distortion] epoch 9/60 loss 0.0155
[sr-distortion] epoch 10/60 loss 0.0150
[sr-distortion] epoch 11/60 loss 0.0145
[sr-distortion] epoch 12/60 loss 0.0143
[sr-distortion] epoch 13/60 loss 0.0141
[sr-distortion] epoch 14/60 loss 0.0141
[sr-distortion] epoch 15/60 loss 0.0136
[sr-distortion] epoch 16/60 loss 0.0132
[sr-distortion] epoch 17/60 loss 0.0131
[sr-distortion] epoch 18/60 loss 0.0130
[sr-distortion] epoch 19/60 loss 0.0128
[sr-distortion] epoch 20/60 loss 0.0124
[sr-distortion] epoch 21/60 loss 0.0125
[sr-distortion] epoch 22/60 loss 0.0123
[sr-distortion] epoch 23/60 loss 0.0121
[sr-distortion] epoch 24/60 loss 0.0117
[sr-distortion] epoch 25/60 loss 0.0123
[sr-distortion] epoch 26/60 loss 0.0123
[sr-distortion] epoch 27/60 loss 0.0118
[sr-distortion] epoch 28/60 loss 0.0115
[sr-distortion] epoch 29/60 loss 0.0117
[sr-distortion] epoch 30/60 loss 0.0113
[sr-distortion] epoch 31/60 loss 0.0110
[sr-distortion] epoch 32/60 loss 0.0111
[sr-distortion] epoch 33/60 loss 0.0107
[sr-distortion] epoch 34/60 loss 0.0107
[sr-distortion] epoch 35/60 loss 0.0106
[sr-distortion] epoch 36/60 loss 0.0105
[sr-distortion] epoch 37/60 loss 0.0107
[sr-distortion] epoch 38/60 loss 0.0105
[sr-distortion] epoch 39/60 loss 0.0106
[sr-distortion] epoch 40/60 loss 0.0103
[sr-distortion] epoch 41/60 loss 0.0102
[sr-distortion] epoch 42/60 loss 0.0102
[sr-distortion] epoch 43/60 loss 0.0103
[sr-distortion] epoch 44/60 loss 0.0100
[sr-distortion] epoch 45/60 loss 0.0099
[sr-distortion] epoch 46/60 loss 0.0099
[sr-distortion] epoch 47/60 loss 0.0096
[sr-distortion] epoch 48/60 loss 0.0097
[sr-distortion] epoch 49/60 loss 0.0097
[sr-distortion] epoch 50/60 loss 0.0098
[sr-distortion] epoch 51/60 loss 0.0099
[sr-distortion] epoch 52/60 loss 0.0104
[sr-distortion] epoch 53/60 loss 0.0098
[sr-distortion] epoch 54/60 loss 0.0096
[sr-distortion] epoch 55/60 loss 0.0094
[sr-distortion] epoch 56/60 loss 0.0093
[sr-distortion] epoch 57/60 loss 0.0093
[sr-distortion] epoch 58/60 loss 0.0099
[sr-distortion] epoch 59/60 loss 0.0103
[sr-distortion] epoch 60/60 loss 0.0096
[sr-tumor-aware] epoch 1/60 loss 0.0778
[sr-tumor-aware] epoch 2/60 loss 0.0338
[sr-tumor-aware] epoch 3/60 loss 0.0264
[sr-tumor-aware] epoch 4/60 loss 0.0230
[sr-tumor-aware] epoch 5/60 loss 0.0208
[sr-tumor-aware] epoch 6/60 loss 0.0196
[sr-tumor-aware] epoch 7/60 loss 0.0182
[sr-tumor-aware] epoch 8/60 loss 0.0179
[sr-tumor-aware] epoch 9/60 loss 0.0169
[sr-tumor-aware] epoch 10/60 loss 0.0170
[sr-tumor-aware] epoch 11/60 loss 0.0162
[sr-tumor-aware] epoch 12/60 loss 0.0163
[sr-tumor-aware] epoch 13/60 loss 0.0160
[sr-tumor-aware] epoch 14/60 loss 0.0156
[sr-tumor-aware] epoch 15/60 loss 0.0154
[sr-tumor-aware] epoch 16/60 loss 0.0150
[sr-tumor-aware] epoch 17/60 loss 0.0149
[sr-tumor-aware] epoch 18/60 loss 0.0145
[sr-tumor-aware] epoch 19/60 loss 0.0142
[sr-tumor-aware] epoch 20/60 loss 0.0142
[sr-tumor-aware] epoch 21/60 loss 0.0139
[sr-tumor-aware] epoch 22/60 loss 0.0137
[sr-tumor-aware] epoch 23/60 loss 0.0135
[sr-tumor-aware] epoch 24/60 loss 0.0132
[sr-tumor-aware] epoch 25/60 loss 0.0131
[sr-tumor-aware] epoch 26/60 loss 0.0131
[sr-tumor-aware] epoch 27/60 loss 0.0126
[sr-tumor-aware] epoch 28/60 loss 0.0126
[sr-tumor-aware] epoch 29/60 loss 0.0127
[sr-tumor-aware] epoch 30/60 loss 0.0122
[sr-tumor-aware] epoch 31/60 loss 0.0122
[sr-tumor-aware] epoch 32/60 loss 0.0119
[sr-tumor-aware] epoch 33/60 loss 0.0117
[sr-tumor-aware] epoch 34/60 loss 0.0116
[sr-tumor-aware] epoch 35/60 loss 0.0119
[sr-tumor-aware] epoch 36/60 loss 0.0117
[sr-tumor-aware] epoch 37/60 loss 0.0120
[sr-tumor-aware] epoch 38/60 loss 0.0116
[sr-tumor-aware] epoch 39/60 loss 0.0115
[sr-tumor-aware] epoch 40/60 loss 0.0114
[sr-tumor-aware] epoch 41/60 loss 0.0112
[sr-tumor-aware] epoch 42/60 loss 0.0113
[sr-tumor-aware] epoch 43/60 loss 0.0110
[sr-tumor-aware] epoch 44/60 loss 0.0114
[sr-tumor-aware] epoch 45/60 loss 0.0107
[sr-tumor-aware] epoch 46/60 loss 0.0111
[sr-tumor-aware] epoch 47/60 loss 0.0108
[sr-tumor-aware] epoch 48/60 loss 0.0110
[sr-tumor-aware] epoch 49/60 loss 0.0106
[sr-tumor-aware] epoch 50/60 loss 0.0107
[sr-tumor-aware] epoch 51/60 loss 0.0110
[sr-tumor-aware] epoch 52/60 loss 0.0107
[sr-tumor-aware] epoch 53/60 loss 0.0106
[sr-tumor-aware] epoch 54/60 loss 0.0108
[sr-tumor-aware] epoch 55/60 loss 0.0105
[sr-tumor-aware] epoch 56/60 loss 0.0103
[sr-tumor-aware] epoch 57/60 loss 0.0104
[sr-tumor-aware] epoch 58/60 loss 0.0104
[sr-tumor-aware] epoch 59/60 loss 0.0102
[sr-tumor-aware] epoch 60/60 loss 0.0103
saved checkpoints/demo_gpu.pt

